Initializing agent...
[Agent] Initializing LLM...
[Agent] Initializing VectorStore at E:\workspace\MemCore\dataCrystal\qdrant_storage...
.venv\Scripts\python.exe : Traceback (most recent call last):
At line:1 char:46
+ ... ONPATH="."; .venv\Scripts\python.exe test_agent_run.py > test_output. ...
+                 ~~~~~~~~~~~~~~~~~~~~~~~~~~~~~~~~~~~~~~~~~~~~~~~~~~~~~~~~~
    + CategoryInfo          : NotSpecified: (Traceback (most recent call last)::String) [], RemoteExceptio 
   n
    + FullyQualifiedErrorId : NativeCommandError
 
  File "E:\workspace\MemCore\.venv\Lib\site-packages\portalocker\portalocker.py", line 223, in lock
    msvcrt.locking(  # type: ignore[attr-defined]
PermissionError: [Errno 13] Permission denied

The above exception was the direct cause of the following exception:

Traceback (most recent call last):
  File "E:\workspace\MemCore\.venv\Lib\site-packages\qdrant_client\local\qdrant_local.py", line 144, in 
_load
    portalocker.lock(
  File "E:\workspace\MemCore\.venv\Lib\site-packages\portalocker\portalocker.py", line 316, in lock
    locker(file, flags)
  File "E:\workspace\MemCore\.venv\Lib\site-packages\portalocker\portalocker.py", line 230, in lock
    raise exceptions.AlreadyLocked(
portalocker.exceptions.AlreadyLocked: (1, '[Errno 13] Permission denied')

During handling of the above exception, another exception occurred:

Traceback (most recent call last):
  File "E:\workspace\MemCore\test_agent_run.py", line 13, in <module>
    asyncio.run(test())
  File "C:\Users\RX2264\AppData\Local\Programs\Python\Python312\Lib\asyncio\runners.py", line 194, in run
    return runner.run(main)
           ^^^^^^^^^^^^^^^^
  File "C:\Users\RX2264\AppData\Local\Programs\Python\Python312\Lib\asyncio\runners.py", line 118, in run
    return self._loop.run_until_complete(task)
           ^^^^^^^^^^^^^^^^^^^^^^^^^^^^^^^^^^^
  File "C:\Users\RX2264\AppData\Local\Programs\Python\Python312\Lib\asyncio\base_events.py", line 684, in 
run_until_complete
    return future.result()
           ^^^^^^^^^^^^^^^
  File "E:\workspace\MemCore\test_agent_run.py", line 6, in test
    agent = MemCoreAgent()
            ^^^^^^^^^^^^^^
  File "E:\workspace\MemCore\src\memcore\main.py", line 85, in __init__
    self.vector_store = VectorStore(location=vector_storage_path, 
dimension=self.llm.get_embedding_dimension())
                        
^^^^^^^^^^^^^^^^^^^^^^^^^^^^^^^^^^^^^^^^^^^^^^^^^^^^^^^^^^^^^^^^^^^^^^^^^^^^^^^^^^^^^^^
  File "E:\workspace\MemCore\src\memcore\storage\vector.py", line 8, in __init__
    self.client = QdrantClient(path=location)
                  ^^^^^^^^^^^^^^^^^^^^^^^^^^^
  File "E:\workspace\MemCore\.venv\Lib\site-packages\qdrant_client\qdrant_client.py", line 126, in __init__
    self._client = QdrantLocal(
                   ^^^^^^^^^^^^
  File "E:\workspace\MemCore\.venv\Lib\site-packages\qdrant_client\local\qdrant_local.py", line 63, in 
__init__
    self._load()
  File "E:\workspace\MemCore\.venv\Lib\site-packages\qdrant_client\local\qdrant_local.py", line 149, in 
_load
    raise RuntimeError(
RuntimeError: Storage folder E:\workspace\MemCore\dataCrystal\qdrant_storage is already accessed by 
another instance of Qdrant client. If you require concurrent access, use Qdrant server instead.
